[    3813ms] [LOG] %c __                                               _____          __          __           ______          v1.0.0
/\ \       __                                    /\  __`\       /\ \      __/\ \__       /\__  _\                       
\ \ \     /\_\    ___      __     __     _ __    \ \ \/\ \  _ __\ \ \____/\_\ \ ,_\      \/_/\ \/     ___     ___       
 \ \ \  __\/\ \ /' _ `\  /'__`\ /'__`\  /\`'__\   \ \ \ \ \/\`'__\ \ '__`\/\ \ \ \/         \ \ \   /' _ `\  /'___\     
  \ \ \L\ \\ \ \/\ \/\ \/\  __//\ \L\.\_\ \ \/     \ \ \_\ \ \ \/ \ \ \L\ \ \ \ \ \_  __     \_\ \__/\ \/\ \/\ \__/  __ 
   \ \____/ \ \_\ \_\ \_\ \____\ \__/.\_\\ \_\      \ \_____\ \_\  \ \_,__/\ \_\ \__\/\ \    /\_____\ \_\ \_\ \____\/\_\
    \/___/   \/_/\/_/\/_/\/____/\/__/\/_/ \/_/       \/_____/\/_/   \/___/  \/_/\/__/\ \/    \/_____/\/_/\/_/\/____/\/_/
                                                                                      \/

The product development system for teams and agents

WE'RE HIRING: https://linear.app/careers
CHANGELOG:    https://linear.app/changelog
 
  font-family: monospace;
  color: #282A30;
   @ https://static.linear.app/web/_next/static/chunks/Providers-3US21BBs.js:9
[    4008ms] Minified React error #419; visit https://react.dev/errors/419 for the full message or use the non-minified dev environment for full errors and additional helpful warnings.
[    4009ms] Minified React error #419; visit https://react.dev/errors/419 for the full message or use the non-minified dev environment for full errors and additional helpful warnings.
[   10637ms] [WARNING] The resource https://static.linear.app/web/_next/static/css/BlogRenderer.BY9UWHDh.css was preloaded using link preload but not used within a few seconds from the window's load event. Please make sure it has an appropriate `as` value and it is preloaded intentionally. @ https://linear.app/:0
[   10638ms] [WARNING] The resource https://static.linear.app/web/_next/static/css/page.BDqMG6gX.css was preloaded using link preload but not used within a few seconds from the window's load event. Please make sure it has an appropriate `as` value and it is preloaded intentionally. @ https://linear.app/:0
[   10638ms] [WARNING] The resource https://static.linear.app/web/_next/static/css/DefaultRenderer.DJA_tBF3.css was preloaded using link preload but not used within a few seconds from the window's load event. Please make sure it has an appropriate `as` value and it is preloaded intentionally. @ https://linear.app/:0
[   10638ms] [WARNING] The resource https://static.linear.app/web/_next/static/css/Breadcrumbs.O5D4jzbE.css was preloaded using link preload but not used within a few seconds from the window's load event. Please make sure it has an appropriate `as` value and it is preloaded intentionally. @ https://linear.app/:0
[   10638ms] [WARNING] The resource https://static.linear.app/web/_next/static/css/Card.BO__v7RW.css was preloaded using link preload but not used within a few seconds from the window's load event. Please make sure it has an appropriate `as` value and it is preloaded intentionally. @ https://linear.app/:0
[   10638ms] [WARNING] The resource https://static.linear.app/web/_next/static/css/CardsGrid.BLwuA93h.css was preloaded using link preload but not used within a few seconds from the window's load event. Please make sure it has an appropriate `as` value and it is preloaded intentionally. @ https://linear.app/:0
[   10638ms] [WARNING] The resource https://static.linear.app/web/_next/static/css/ContactLayout.B100jDP7.css was preloaded using link preload but not used within a few seconds from the window's load event. Please make sure it has an appropriate `as` value and it is preloaded intentionally. @ https://linear.app/:0
[   10638ms] [WARNING] The resource https://static.linear.app/web/_next/static/css/Prose.DBLOnC2O.css was preloaded using link preload but not used within a few seconds from the window's load event. Please make sure it has an appropriate `as` value and it is preloaded intentionally. @ https://linear.app/:0
[   10638ms] [WARNING] The resource https://static.linear.app/web/_next/static/css/page.RHTSRvU8.css was preloaded using link preload but not used within a few seconds from the window's load event. Please make sure it has an appropriate `as` value and it is preloaded intentionally. @ https://linear.app/:0
[   10638ms] [WARNING] The resource https://static.linear.app/web/_next/static/css/CustomersIndexPage.DxPrAB1C.css was preloaded using link preload but not used within a few seconds from the window's load event. Please make sure it has an appropriate `as` value and it is preloaded intentionally. @ https://linear.app/:0
[   66933ms] [WARNING] The resource https://static.linear.app/web/_next/static/css/BlogRenderer.BY9UWHDh.css was preloaded using link preload but not used within a few seconds from the window's load event. Please make sure it has an appropriate `as` value and it is preloaded intentionally. @ https://linear.app/:0
[   66933ms] [WARNING] The resource https://static.linear.app/web/_next/static/css/page.BDqMG6gX.css was preloaded using link preload but not used within a few seconds from the window's load event. Please make sure it has an appropriate `as` value and it is preloaded intentionally. @ https://linear.app/:0
[   66933ms] [WARNING] The resource https://static.linear.app/web/_next/static/css/DefaultRenderer.DJA_tBF3.css was preloaded using link preload but not used within a few seconds from the window's load event. Please make sure it has an appropriate `as` value and it is preloaded intentionally. @ https://linear.app/:0
[   66933ms] [WARNING] The resource https://static.linear.app/web/_next/static/css/Breadcrumbs.O5D4jzbE.css was preloaded using link preload but not used within a few seconds from the window's load event. Please make sure it has an appropriate `as` value and it is preloaded intentionally. @ https://linear.app/:0
[   66933ms] [WARNING] The resource https://static.linear.app/web/_next/static/css/Card.BO__v7RW.css was preloaded using link preload but not used within a few seconds from the window's load event. Please make sure it has an appropriate `as` value and it is preloaded intentionally. @ https://linear.app/:0
[   66933ms] [WARNING] The resource https://static.linear.app/web/_next/static/css/CardsGrid.BLwuA93h.css was preloaded using link preload but not used within a few seconds from the window's load event. Please make sure it has an appropriate `as` value and it is preloaded intentionally. @ https://linear.app/:0
[   66933ms] [WARNING] The resource https://static.linear.app/web/_next/static/css/ContactLayout.B100jDP7.css was preloaded using link preload but not used within a few seconds from the window's load event. Please make sure it has an appropriate `as` value and it is preloaded intentionally. @ https://linear.app/:0
[   66933ms] [WARNING] The resource https://static.linear.app/web/_next/static/css/Prose.DBLOnC2O.css was preloaded using link preload but not used within a few seconds from the window's load event. Please make sure it has an appropriate `as` value and it is preloaded intentionally. @ https://linear.app/:0
[   66933ms] [WARNING] The resource https://static.linear.app/web/_next/static/css/page.RHTSRvU8.css was preloaded using link preload but not used within a few seconds from the window's load event. Please make sure it has an appropriate `as` value and it is preloaded intentionally. @ https://linear.app/:0
[   66933ms] [WARNING] The resource https://static.linear.app/web/_next/static/css/CustomersIndexPage.DxPrAB1C.css was preloaded using link preload but not used within a few seconds from the window's load event. Please make sure it has an appropriate `as` value and it is preloaded intentionally. @ https://linear.app/:0
[   77508ms] [LOG] %c
▲

__  __                                     _            __
\ \/ /___  __  __   _________ _____       (_)_  _______/ /_
 \  / __ \/ / / /  / ___/ __ `/ __ \     / / / / / ___/ __/
 / / /_/ / /_/ /  / /__/ /_/ / / / /    / / /_/ (__  ) /_
/_/\____/\__,_/   \___/\__,_/_/ /_/  __/ /\__,_/____/\__/
         __    _          __  __    /___/
   _____/ /_  (_)___     / /_/ /_  (_)___  ____ ______
  / ___/ __ \/ / __ \   / __/ __ \/ / __ \/ __ `/ ___/
 (__  ) / / / / /_/ /  / /_/ / / / / / / / /_/ (__  )
/____/_/ /_/_/ .___/   \__/_/ /_/_/_/ /_/\__, /____/
            /_/                         /____/
  

Hello!

- Open Source https://vercel.com/oss
- Careers https://vercel.com/careers
- Status https://www.vercel-status.com

 font-family: "Geist Mono", monospace; white-space: pre; line-height: 1; @ https://vercel.com/vc-ap-vercel-marketing/_next/static/immutable/chunks/3w4wvngs_sg_n.js:78
[   78295ms] [ERROR] Loading the image 'https://py8fhxnkzwtsqdo9.public.blob.vercel-storage.com/front/favicon/vercel/android-chrome-192x192.png' violates the following Content Security Policy directive: "img-src 'self' blob: data: *.github.io avatars.githubusercontent.com user-images.githubusercontent.com vercel.com vercel.live *.vercel.sh assets.vercel.com cdn.raster.app https://images.ctfassets.net https://www.google.com https://i.ytimg.com https://s3.amazonaws.com pbs.twimg.com https://www.gravatar.com https://lishhsx6kmthaacj.public.blob.vercel-storage.com https://fvqcrhkhgatlyl2m.public.blob.vercel-storage.com". The action has been blocked. @ https://vercel.com/:0
[   78324ms] [WARNING] Error while trying to use the following icon from the Manifest: https://py8fhxnkzwtsqdo9.public.blob.vercel-storage.com/front/favicon/vercel/android-chrome-192x192.png (Download error or resource isn't a valid image) @ https://vercel.com/:0
[   81811ms] [WARNING] Deprecated API for given entry type. @ https://vercel.com/vc-ap-vercel-marketing/_next/static/immutable/chunks/3667pwy3xdtkd.js:18
[   82851ms] [ERROR] Failed to load resource: the server responded with a status of 403 () @ https://vercel.com/api/jwt:0
[  107856ms] [ERROR] Loading the script 'https://capi-automation.s3.us-east-2.amazonaws.com/public/client_js/capiParamBuilder/clientParamBuilder.bundle.js' violates the following Content Security Policy directive: "script-src 'self' 'unsafe-inline' 'unsafe-eval' cursor.com *.cursor.com cursor.sh *.cursor.sh *.tiktok.com alb.reddit.com pixel-config.reddit.com www.redditstatic.com *.unifyintent.com *.cloudfront.net pro.ip-api.com *.liadm.com *.usbrowserspeed.com alocdn.com va.vercel-scripts.com vercel.live jobs.ashbyhq.com os.ryo.lu connect.facebook.net snap.licdn.com js.zi-scripts.com ws-assets.zoominfo.com *.chilipiper.com www.googletagmanager.com *.googletagmanager.com *.roadwayai.com www.googleadservices.com www.google.com pagead2.googlesyndication.com *.doubleclick.net s.pinimg.com sc-static.net *.snapchat.com chat.cdn-plain.com". Note that 'script-src-elem' was not explicitly set, so 'script-src' is used as a fallback. The action has been blocked. @ https://cursor.com/an/5NFOPZQoiC99Q/?id=GTM-M2R7938W:299
[  107860ms] [ERROR] Loading the image 'https://www.linkedin.com/px/li_sync?redirect=https%3A%2F%2Fpx.ads.linkedin.com%2Fcollect%3Fv%3D2%26fmt%3Djs%26pid%3D7565898%26time%3D1789067174446%26li_adsId%3De9732447-309a-4b35-959a-340632aa5577%26url%3Dhttps%253A%252F%252Fcursor.com%252F%26tm%3Dgtmv2%26cookiesTest%3Dtrue%26liSync%3Dtrue' violates the following Content Security Policy directive: "img-src 'self' blob: data: cursor.com *.cursor.com cursor.sh *.cursor.sh *.tiktok.com alb.reddit.com www.redditstatic.com pbs.twimg.com *.public.blob.vercel-storage.com *.facebook.com facebook.com *.ads.linkedin.com *.chilipiper.com www.googletagmanager.com *.google-analytics.com *.mux.com image.mux.com images.lumacdn.com cdn.lu.ma prod-uk-services-workspac-workspacefilespublicbuck-vs4gjqpqjkh6.s3.amazonaws.com prod-uk-services-attachm-attachmentsbucket28b3ccf-uwfssb4vt2us.s3.eu-west-2.amazonaws.com i0.wp.com *.doubleclick.net pagead2.googlesyndication.com www.googleadservices.com www.google.ad www.google.ae www.google.al www.google.am www.google.as www.google.at www.google.az www.google.ba www.google.be www.google.bf www.google.bg www.google.bi www.google.bj www.google.bs www.google.bt www.google.by www.google.ca www.google.cat www.google.cd www.google.cf www.google.cg www.google.ch www.google.ci www.google.cl www.google.cm www.google.cn www.google.co.ao www.google.co.bw www.google.co.ck www.google.co.cr www.google.co.id www.google.co.il www.google.co.in www.google.co.jp www.google.co.ke www.google.co.kr www.google.co.ls www.google.co.ma www.google.co.mz www.google.co.nz www.google.co.th www.google.co.tz www.google.co.ug www.google.co.uk www.google.co.uz www.google.co.ve www.google.co.vi www.google.co.za www.google.co.zm www.google.co.zw www.google.com www.google.com.af www.google.com.ag www.google.com.ar www.google.com.au www.google.com.bd www.google.com.bh www.google.com.bn www.google.com.bo www.google.com.br www.google.com.bz www.google.com.co www.google.com.cu www.google.com.cy www.google.com.do www.google.com.ec www.google.com.eg www.google.com.et www.google.com.fj www.google.com.gh www.google.com.gi www.google.com.gt www.google.com.hk www.google.com.jm www.google.com.kh www.google.com.kw www.google.com.lb www.google.com.ly www.google.com.mm www.google.com.mt www.google.com.mx www.google.com.my www.google.com.na www.google.com.ng www.google.com.ni www.google.com.np www.google.com.om www.google.com.pa www.google.com.pe www.google.com.pg www.google.com.ph www.google.com.pk www.google.com.pr www.google.com.py www.google.com.qa www.google.com.sa www.google.com.sb www.google.com.sg www.google.com.sl www.google.com.sv www.google.com.tj www.google.com.tr www.google.com.tw www.google.com.ua www.google.com.uy www.google.com.vc www.google.com.vn www.google.cv www.google.cz www.google.de www.google.dj www.google.dk www.google.dm www.google.dz www.google.ee www.google.es www.google.fi www.google.fm www.google.fr www.google.ga www.google.ge www.google.gg www.google.gl www.google.gm www.google.gr www.google.gy www.google.hn www.google.hr www.google.ht www.google.hu www.google.ie www.google.im www.google.iq www.google.is www.google.it www.google.je www.google.jo www.google.kg www.google.ki www.google.kz www.google.la www.google.li www.google.lk www.google.lt www.google.lu www.google.lv www.google.md www.google.me www.google.mg www.google.mk www.google.ml www.google.mn www.google.mu www.google.mv www.google.mw www.google.ne www.google.nl www.google.no www.google.nr www.google.nu www.google.pl www.google.pn www.google.ps www.google.pt www.google.ro www.google.rs www.google.ru www.google.rw www.google.sc www.google.se www.google.sh www.google.si www.google.sk www.google.sm www.google.sn www.google.so www.google.sr www.google.st www.google.td www.google.tg www.google.tl www.google.tm www.google.tn www.google.to www.google.tt www.google.vu www.google.ws ct.pinterest.com *.snapchat.com". The action has been blocked. @ https://cursor.com/:0
[  108377ms] [ERROR] Sending form data to 'https://www.facebook.com/tr/' violates the following Content Security Policy directive: "form-action 'self' cursor.com *.cursor.com cursor.sh *.cursor.sh vercel.live *.chilipiper.com". The request has been blocked.
 @ https://cursor.com/an/UfoPFiz3bKlZcL0x/5Bwao5xD2tUnJnW8GT9VMSWOgPaMcYwSSlx4t2TdGyfwMi0e:971
[  108378ms] [ERROR] Framing 'https://www.facebook.com/' violates the following Content Security Policy directive: "frame-src 'self' cursor.com *.cursor.com cursor.sh *.cursor.sh https://example.com https://github.com https://animably.com https://atlasapp.au https://cairn-lilac.vercel.app https://constellations-navy.vercel.app https://brand-roi-calculator.vercel.app https://dist-eta-ten-68.vercel.app https://craft-minutes-anthropology-boutique.trycloudflare.com https://motif.elifcodesstudio.com https://pocketmemory-app.vercel.app https://bite-family.vercel.app https://www.thesapientcompany.com vercel.live jobs.ashbyhq.com youtube.com *.youtube.com youtube-nocookie.com *.youtube-nocookie.com youtu.be *.chilipiper.com www.googletagmanager.com chat.uk.plain.com *.plain.com *.snapchat.com". The request has been blocked.
 @ https://cursor.com/an/UfoPFiz3bKlZcL0x/5Bwao5xD2tUnJnW8GT9VMSWOgPaMcYwSSlx4t2TdGyfwMi0e:971
[  108409ms] [ERROR] Sending form data to 'https://www.facebook.com/tr/' violates the following Content Security Policy directive: "form-action 'self' cursor.com *.cursor.com cursor.sh *.cursor.sh vercel.live *.chilipiper.com". The request has been blocked.
 @ https://cursor.com/an/UfoPFiz3bKlZcL0x/5Bwao5xD2tUnJnW8GT9VMSWOgPaMcYwSSlx4t2TdGyfwMi0e:971
[  108410ms] [ERROR] Framing 'https://www.facebook.com/' violates the following Content Security Policy directive: "frame-src 'self' cursor.com *.cursor.com cursor.sh *.cursor.sh https://example.com https://github.com https://animably.com https://atlasapp.au https://cairn-lilac.vercel.app https://constellations-navy.vercel.app https://brand-roi-calculator.vercel.app https://dist-eta-ten-68.vercel.app https://craft-minutes-anthropology-boutique.trycloudflare.com https://motif.elifcodesstudio.com https://pocketmemory-app.vercel.app https://bite-family.vercel.app https://www.thesapientcompany.com vercel.live jobs.ashbyhq.com youtube.com *.youtube.com youtube-nocookie.com *.youtube-nocookie.com youtu.be *.chilipiper.com www.googletagmanager.com chat.uk.plain.com *.plain.com *.snapchat.com". The request has been blocked.
 @ https://cursor.com/an/UfoPFiz3bKlZcL0x/5Bwao5xD2tUnJnW8GT9VMSWOgPaMcYwSSlx4t2TdGyfwMi0e:971
[  125073ms] [ERROR] Failed to load resource: net::ERR_CONNECTION_TIMED_OUT @ https://analytics.tiktok.com/i18n/pixel/events.js?sdkid=D727A8BC77U33845DVA0&lib=ttq:0
